<?xml version="1.0" encoding="UTF-8"?>
<testsuites name="Mocha Tests" time="0.001" tests="1" failures="1">
  <testsuite name="Root Suite" timestamp="2019-06-19T10:32:29" tests="0" failures="0" time="0">
  </testsuite>
  <testsuite name="用户注册模块" timestamp="2019-06-19T10:32:29" tests="1" file="/Users/zhanxiaohui/Desktop/node/node-api/test/api/user/reg.spec.js" failures="1" time="0.001">
    <testcase name="用户注册模块 检查用户名" time="0.001" classname="检查用户名">
      <failure message="request.get is not a function" type="TypeError"><![CDATA[TypeError: request.get is not a function
    at Context.<anonymous> (test/api/user/reg.spec.js:8:13)]]></failure>
    </testcase>
  </testsuite>
</testsuites>